// Jest Snapshot v1, https://goo.gl/fbAQLP

exports[`'tstyche.config.json' file the '$schema' key is allowed: stdout 1`] = `
"uses TypeScript <<version>>

pass ./__typetests__/dummy.test.ts
  + is string?

Targets:    1 passed, 1 total
Test files: 1 passed, 1 total
Tests:      1 passed, 1 total
Assertions: 1 passed, 1 total
Duration:   <<timestamp>>

Ran all test files.
"
`;
