// Jest Snapshot v1, https://goo.gl/fbAQLP

exports[`'testFileMatch' configuration file option default patterns, select files in 'typetests' directories: stdout 1`] = `
"uses TypeScript <<version>>

pass ./__typetests__/isNumber.test.ts
pass ./__typetests__/isString.test.ts
pass ./feature/__typetests__/isNumber.test.ts
pass ./feature/__typetests__/isString.test.ts
pass ./feature/typetests/isNumber.test.ts
pass ./feature/typetests/isString.test.ts
pass ./typetests/isNumber.test.ts
pass ./typetests/isString.test.ts

Targets:    1 passed, 1 total
Test files: 8 passed, 8 total
Tests:      8 passed, 8 total
Assertions: 8 passed, 8 total
Duration:   <<timestamp>>

Ran all test files.
"
`;

exports[`'testFileMatch' configuration file option default patterns, select files with '.tst.' suffix: stdout 1`] = `
"uses TypeScript <<version>>

pass ./isNumber.tst.ts
pass ./isString.tst.ts
pass ./__tests__/isNumber.tst.ts
pass ./__tests__/isString.tst.ts
pass ./feature/__tests__/isNumber.tst.ts
pass ./feature/__tests__/isString.tst.ts
pass ./feature/tests/isNumber.tst.ts
pass ./feature/tests/isString.tst.ts
pass ./tests/isNumber.tst.ts
pass ./tests/isString.tst.ts

Targets:    1 passed, 1 total
Test files: 10 passed, 10 total
Tests:      10 passed, 10 total
Assertions: 10 passed, 10 total
Duration:   <<timestamp>>

Ran all test files.
"
`;

exports[`'testFileMatch' configuration file option specified pattern, selects only matching files: stdout 1`] = `
"uses TypeScript <<version>>

pass ./type-tests/isNumber.tst.ts
pass ./type-tests/isString.tst.ts

Targets:    1 passed, 1 total
Test files: 2 passed, 2 total
Tests:      2 passed, 2 total
Assertions: 2 passed, 2 total
Duration:   <<timestamp>>

Ran all test files.
"
`;
