// Jest Snapshot v1, https://goo.gl/fbAQLP

exports[`'disableTestFileLookup' configuration file option does not search for test files: stderr 1`] = `""`;

exports[`'disableTestFileLookup' configuration file option does not search for test files: stdout 1`] = `
"Targets:    1 passed, 1 total
Test files: 0 total
Duration:   <<timestamp>>

Ran all test files.
"
`;
