// Jest Snapshot v1, https://goo.gl/fbAQLP

exports[`tstyche.config.json 'target' option: stdout 1`] = `
"adds TypeScript 4.8.4 to <<cwd>>/tests/__fixtures__/config-file-options/.store/4.8.4
uses TypeScript <<version>> with ./tsconfig.json

pass ./__typetests__/dummy.test.ts
  + is string?

adds TypeScript 5.3.2 to <<cwd>>/tests/__fixtures__/config-file-options/.store/5.3.2
uses TypeScript <<version>> with ./tsconfig.json

pass ./__typetests__/dummy.test.ts
  + is string?

uses TypeScript <<version>> with ./tsconfig.json

pass ./__typetests__/dummy.test.ts
  + is string?

Targets:    3 passed, 3 total
Test files: 3 passed, 3 total
Tests:      3 passed, 3 total
Assertions: 3 passed, 3 total
Duration:   <<timestamp>>

Ran all test files.
"
`;
