// Jest Snapshot v1, https://goo.gl/fbAQLP

exports[`'testFileMatch' configuration file option when item of the list is not a string: stderr 1`] = `
"Error: Item of the 'testFileMatch' list must be of type string.

  2 |   "testFileMatch": [
  3 |     "examples/*",
> 4 |     false
    |     ^
  5 |   ]
  6 | }

      at ./tstyche.config.json:4:5

"
`;

exports[`'testFileMatch' configuration file option when option argument is not a list: stderr 1`] = `
"Error: Option 'testFileMatch' requires an argument of type list.

  1 | {
> 2 |   "testFileMatch": "feature"
    |                    ^
  3 | }

      at ./tstyche.config.json:2:20

"
`;
