// Jest Snapshot v1, https://goo.gl/fbAQLP

exports[`'failFast' configuration file option when specified value is not boolean: stderr 1`] = `
"Error: Option 'failFast' requires an argument of type boolean.

  1 | {
> 2 |   "failFast": "never"
    |               ^
  3 | }

      at ./tstyche.config.json:2:15

"
`;
