// Jest Snapshot v1, https://goo.gl/fbAQLP

exports[`toBeNever: stderr 1`] = `
"Error: An argument for 'source' or type argument for 'Source' must be provided.

  3 | describe("argument for 'source'", () => {
  4 |   test("must be provided", () => {
> 5 |     expect().type.toBeNever();
    |     ^
  6 |   });
  7 | });
  8 | 

      at ./__typetests__/toBeNever.tst.ts:5:5

"
`;

exports[`toBeNever: stdout 1`] = `
"uses TypeScript <<version>> with ./tsconfig.json

fail ./__typetests__/toBeNever.tst.ts
  argument for 'source'
    × must be provided

Targets:    1 failed, 1 total
Test files: 1 failed, 1 total
Tests:      1 failed, 1 total
Assertions: 1 failed, 1 total
Duration:   <<timestamp>>

Ran all test files.
"
`;
